EVA1_6_AUTO_INCREMENT

MySQL Shell 8.0.38

Copyright (c) 2016, 2024, Oracle and/or its affiliates.
Oracle is a registered trademark of Oracle Corporation and/or its affiliates.
Other names may be trademarks of their respective owners.

Type '\help' or '\?' for help; '\quit' to exit.
 MySQL  JS > \sql
Switching to SQL mode... Commands end with ;
 MySQL  SQL > \c --mc root@localhost
Creating a Classic session to 'root@localhost'
Fetching global names for auto-completion... Press ^C to stop.
Your MySQL connection id is 8
Server version: 8.0.39 MySQL Community Server - GPL
No default schema selected; type \use <schema> to set one.
 MySQL  localhost:3306 ssl  SQL > use tbd_1
MySQL Error 1049: Unknown database 'tbd_1'
 MySQL  localhost:3306 ssl  SQL > use tbd_1
MySQL Error 1049: Unknown database 'tbd_1'
 MySQL  localhost:3306 ssl  SQL > use tbd_e1
Default schema set to `tbd_e1`.
Fetching global names, object names from `tbd_e1` for auto-completion... Press ^C to stop.
 MySQL  localhost:3306 ssl  tbd_e1  SQL > show tables;
+------------------+
| Tables_in_tbd_e1 |
+------------------+
| students         |
+------------------+
1 row in set (0.0016 sec)
 MySQL  localhost:3306 ssl  tbd_e1  SQL > create table tv(
                                       -> id int key,
                                       -> marca varchar(50) not null,
                                       -> modelo varchar(50) not null,
                                       -> tamaño int not null,
                                       -> tipo varchar(50));
Query OK, 0 rows affected (0.0301 sec)
 MySQL  localhost:3306 ssl  tbd_e1  SQL > desc tv
                                       -> ;
+--------+-------------+------+-----+---------+-------+
| Field  | Type        | Null | Key | Default | Extra |
+--------+-------------+------+-----+---------+-------+
| id     | int         | NO   | PRI | NULL    |       |
| marca  | varchar(50) | NO   |     | NULL    |       |
| modelo | varchar(50) | NO   |     | NULL    |       |
| tamaño | int         | NO   |     | NULL    |       |
| tipo   | varchar(50) | YES  |     | NULL    |       |
+--------+-------------+------+-----+---------+-------+
5 rows in set (0.0021 sec)
 MySQL  localhost:3306 ssl  tbd_e1  SQL > insert into tv(tipo)
                                       -> value(led);
ERROR: 1054 (42S22): Unknown column 'led' in 'field list'
 MySQL  localhost:3306 ssl  tbd_e1  SQL > insert into tv(tipo) value("LED");
ERROR: 1364 (HY000): Field 'id' doesn't have a default value
 MySQL  localhost:3306 ssl  tbd_e1  SQL > insert into tv(id, marca, modelo, tamaño)
                                       -> value(5, "SONY", "BRAVIA", 75);
Query OK, 1 row affected (0.0084 sec)
 MySQL  localhost:3306 ssl  tbd_e1  SQL > SHOW TABLE TV
                                       -> ;
ERROR: 1064 (42000): You have an error in your SQL syntax; check the manual that corresponds to your MySQL server version for the right syntax to use near 'TV' at line 1
 MySQL  localhost:3306 ssl  tbd_e1  SQL > insert into tv(id, marca, modelo, tamaño) value(5, "SONY", "BRAVIA", 75);
ERROR: 1062 (23000): Duplicate entry '5' for key 'tv.PRIMARY'
 MySQL  localhost:3306 ssl  tbd_e1  SQL > insert into tv(id, marca, modelo, tamaño) value(1, "SONY", "BRAVIA", 75);
Query OK, 1 row affected (0.0077 sec)
 MySQL  localhost:3306 ssl  tbd_e1  SQL > show create table tv;
+-------+--------------------------------------------------------------------------------------------------------------------------------------------------------------------------------------------------------------------------------------------------------+
| Table | Create Table
                                                                                                     |
+-------+--------------------------------------------------------------------------------------------------------------------------------------------------------------------------------------------------------------------------------------------------------+
| tv    | CREATE TABLE `tv` (
  `id` int NOT NULL,
  `marca` varchar(50) NOT NULL,
  `modelo` varchar(50) NOT NULL,
  `tamaño` int NOT NULL,
  `tipo` varchar(50) DEFAULT NULL,
  PRIMARY KEY (`id`)
) ENGINE=InnoDB DEFAULT CHARSET=utf8mb4 COLLATE=utf8mb4_0900_ai_ci |
+-------+--------------------------------------------------------------------------------------------------------------------------------------------------------------------------------------------------------------------------------------------------------+
1 row in set (0.0007 sec)
 MySQL  localhost:3306 ssl  tbd_e1  SQL > insert into tv
                                       -> value(2, "Samsung", "SmartTv", 100, "OLED");
Query OK, 1 row affected (0.0084 sec)
 MySQL  localhost:3306 ssl  tbd_e1  SQL > select count(*) from tv;
+----------+
| count(*) |
+----------+
|        3 |
+----------+
1 row in set (0.0020 sec)
 MySQL  localhost:3306 ssl  tbd_e1  SQL > select * from tv;
+----+---------+---------+--------+------+
| id | marca   | modelo  | tamaño | tipo |
+----+---------+---------+--------+------+
|  1 | SONY    | BRAVIA  |     75 | NULL |
|  2 | Samsung | SmartTv |    100 | OLED |
|  5 | SONY    | BRAVIA  |     75 | NULL |
+----+---------+---------+--------+------+
3 rows in set (0.0005 sec)
 MySQL  localhost:3306 ssl  tbd_e1  SQL > desc tv;
+--------+-------------+------+-----+---------+-------+
| Field  | Type        | Null | Key | Default | Extra |
+--------+-------------+------+-----+---------+-------+
| id     | int         | NO   | PRI | NULL    |       |
| marca  | varchar(50) | NO   |     | NULL    |       |
| modelo | varchar(50) | NO   |     | NULL    |       |
| tamaño | int         | NO   |     | NULL    |       |
| tipo   | varchar(50) | YES  |     | NULL    |       |
+--------+-------------+------+-----+---------+-------+
5 rows in set (0.0019 sec)
 MySQL  localhost:3306 ssl  tbd_e1  SQL > create table peliculas(
                                       -> id int auto_increment key,
                                       -> titulo varchar(50),
                                       -> ???;
ERROR: 1064 (42000): You have an error in your SQL syntax; check the manual that corresponds to your MySQL server version for the right syntax to use near '???' at line 4
 MySQL  localhost:3306 ssl  tbd_e1  SQL > create table peliculas( id int auto_increment key,  titulo varchar(50) not null,
                                       -> genero varchar(50) not null,
                                       -> clasificacion varchar(5) not null);
Query OK, 0 rows affected (0.0302 sec)
 MySQL  localhost:3306 ssl  tbd_e1  SQL > desc pelicualas;
ERROR: 1146 (42S02): Table 'tbd_e1.pelicualas' doesn't exist
 MySQL  localhost:3306 ssl  tbd_e1  SQL > desc pelicuala;
ERROR: 1146 (42S02): Table 'tbd_e1.pelicuala' doesn't exist
 MySQL  localhost:3306 ssl  tbd_e1  SQL > desc peliculass;
ERROR: 1146 (42S02): Table 'tbd_e1.peliculass' doesn't exist
 MySQL  localhost:3306 ssl  tbd_e1  SQL > desc peliculas;
+---------------+-------------+------+-----+---------+----------------+
| Field         | Type        | Null | Key | Default | Extra          |
+---------------+-------------+------+-----+---------+----------------+
| id            | int         | NO   | PRI | NULL    | auto_increment |
| titulo        | varchar(50) | NO   |     | NULL    |                |
| genero        | varchar(50) | NO   |     | NULL    |                |
| clasificacion | varchar(5)  | NO   |     | NULL    |                |
+---------------+-------------+------+-----+---------+----------------+
4 rows in set (0.0022 sec)
 MySQL  localhost:3306 ssl  tbd_e1  SQL > insert into peliculas( titulo, genero, clasificacion)
                                       -> value("Coraline", "Infantil/Terror", "PG");
Query OK, 1 row affected (0.0037 sec)
 MySQL  localhost:3306 ssl  tbd_e1  SQL > select * from peliculas;
+----+----------+-----------------+---------------+
| id | titulo   | genero          | clasificacion |
+----+----------+-----------------+---------------+
|  1 | Coraline | Infantil/Terror | PG            |
+----+----------+-----------------+---------------+
1 row in set (0.0005 sec)
 MySQL  localhost:3306 ssl  tbd_e1  SQL > insert into peliculas( titulo, genero, clasificacion) value("Titanic", "Drama", "PG-13");
Query OK, 1 row affected (0.0085 sec)
 MySQL  localhost:3306 ssl  tbd_e1  SQL > select * from peliculas;
+----+----------+-----------------+---------------+
| id | titulo   | genero          | clasificacion |
+----+----------+-----------------+---------------+
|  1 | Coraline | Infantil/Terror | PG            |
|  2 | Titanic  | Drama           | PG-13         |
+----+----------+-----------------+---------------+
2 rows in set (0.0004 sec)
 MySQL  localhost:3306 ssl  tbd_e1  SQL > insert into peliculas value(3, "Sharknado", "Comedia/Drama", "PG-13");
Query OK, 1 row affected (0.0088 sec)
 MySQL  localhost:3306 ssl  tbd_e1  SQL > select * from peliculas;
+----+-----------+-----------------+---------------+
| id | titulo    | genero          | clasificacion |
+----+-----------+-----------------+---------------+
|  1 | Coraline  | Infantil/Terror | PG            |
|  2 | Titanic   | Drama           | PG-13         |
|  3 | Sharknado | Comedia/Drama   | PG-13         |
+----+-----------+-----------------+---------------+
3 rows in set (0.0004 sec)
 MySQL  localhost:3306 ssl  tbd_e1  SQL > insert into peliculas value(2, "Sharknado", "Comedia/Drama", "PG-13");
ERROR: 1062 (23000): Duplicate entry '2' for key 'peliculas.PRIMARY'
 MySQL  localhost:3306 ssl  tbd_e1  SQL > select * from peliculas;
+----+-----------+-----------------+---------------+
| id | titulo    | genero          | clasificacion |
+----+-----------+-----------------+---------------+
|  1 | Coraline  | Infantil/Terror | PG            |
|  2 | Titanic   | Drama           | PG-13         |
|  3 | Sharknado | Comedia/Drama   | PG-13         |
+----+-----------+-----------------+---------------+
3 rows in set (0.0005 sec)
 MySQL  localhost:3306 ssl  tbd_e1  SQL > insert into peliculas(titulo, genero, clasificacion) value("Nacho Libre", "Comedia", "G");
Query OK, 1 row affected (0.0085 sec)
 MySQL  localhost:3306 ssl  tbd_e1  SQL > select * from peliculas;
+----+-------------+-----------------+---------------+
| id | titulo      | genero          | clasificacion |
+----+-------------+-----------------+---------------+
|  1 | Coraline    | Infantil/Terror | PG            |
|  2 | Titanic     | Drama           | PG-13         |
|  3 | Sharknado   | Comedia/Drama   | PG-13         |
|  4 | Nacho Libre | Comedia         | G             |
+----+-------------+-----------------+---------------+
4 rows in set (0.0005 sec)
 MySQL  localhost:3306 ssl  tbd_e1  SQL > insert into peliculas value(20, "Velocipastor", "Comedia/Drama", "PG-13");
Query OK, 1 row affected (0.0087 sec)
 MySQL  localhost:3306 ssl  tbd_e1  SQL > select * from peliculas;
+----+--------------+-----------------+---------------+
| id | titulo       | genero          | clasificacion |
+----+--------------+-----------------+---------------+
|  1 | Coraline     | Infantil/Terror | PG            |
|  2 | Titanic      | Drama           | PG-13         |
|  3 | Sharknado    | Comedia/Drama   | PG-13         |
|  4 | Nacho Libre  | Comedia         | G             |
| 20 | Velocipastor | Comedia/Drama   | PG-13         |
+----+--------------+-----------------+---------------+
5 rows in set (0.0008 sec)
 MySQL  localhost:3306 ssl  tbd_e1  SQL > insert into peliculas(titulo, genero, clasificacion) value("Killer Sofa", "Comedia/Drama", "PG-13");
Query OK, 1 row affected (0.0089 sec)
 MySQL  localhost:3306 ssl  tbd_e1  SQL > select * from peliculas;
+----+--------------+-----------------+---------------+
| id | titulo       | genero          | clasificacion |
+----+--------------+-----------------+---------------+
|  1 | Coraline     | Infantil/Terror | PG            |
|  2 | Titanic      | Drama           | PG-13         |
|  3 | Sharknado    | Comedia/Drama   | PG-13         |
|  4 | Nacho Libre  | Comedia         | G             |
| 20 | Velocipastor | Comedia/Drama   | PG-13         |
| 21 | Killer Sofa  | Comedia/Drama   | PG-13         |
+----+--------------+-----------------+---------------+
6 rows in set (0.0005 sec)
 MySQL  localhost:3306 ssl  tbd_e1  SQL > create table(
                                       -> id int auto_increment key,
                                       -> nombre (animal) varchar(50),
                                       -> especie varchar(50) not null;
ERROR: 1064 (42000): You have an error in your SQL syntax; check the manual that corresponds to your MySQL server version for the right syntax to use near '(
id int auto_increment key,
nombre (animal) varchar(50),
especie varchar(50) no' at line 1
 MySQL  localhost:3306 ssl  tbd_e1  SQL > create table( id int auto_increment key, nombre (animal) varchar(50) not null, especie varchar(50) not null,
                                       -> raza varchar(50), dueño varchar(50));
ERROR: 1064 (42000): You have an error in your SQL syntax; check the manual that corresponds to your MySQL server version for the right syntax to use near '( id int auto_increment key, nombre (animal) varchar(50) not null, especie varch' at line 1
 MySQL  localhost:3306 ssl  tbd_e1  SQL > create table( id int auto_increment key, nombre(animal) varchar(50) not null, especie varchar(50) not null, raza varchar(50), dueño varchar(50));
ERROR: 1064 (42000): You have an error in your SQL syntax; check the manual that corresponds to your MySQL server version for the right syntax to use near '( id int auto_increment key, nombre(animal) varchar(50) not null, especie varcha' at line 1
 MySQL  localhost:3306 ssl  tbd_e1  SQL > create table(ID int auto_increment key, Nombre(animal) varchar(50) not null, Especie varchar(50) not null, Raza varchar(50), Dueño varchar(50));
ERROR: 1064 (42000): You have an error in your SQL syntax; check the manual that corresponds to your MySQL server version for the right syntax to use near '(ID int auto_increment key, Nombre(animal) varchar(50) not null, Especie varchar' at line 1
 MySQL  localhost:3306 ssl  tbd_e1  SQL > create table(ID int auto_increment key, Nombre_Animal varchar(50) not null, Especie varchar(50) not null, Raza varchar(50), Dueño varchar(50));
ERROR: 1064 (42000): You have an error in your SQL syntax; check the manual that corresponds to your MySQL server version for the right syntax to use near '(ID int auto_increment key, Nombre_Animal varchar(50) not null, Especie varchar(' at line 1
 MySQL  localhost:3306 ssl  tbd_e1  SQL > create table(ID int auto_increment key, NombreAnimal varchar(50) not null, Especie varchar(50) not null, Raza varchar(50), Dueño varchar(50));
ERROR: 1064 (42000): You have an error in your SQL syntax; check the manual that corresponds to your MySQL server version for the right syntax to use near '(ID int auto_increment key, NombreAnimal varchar(50) not null, Especie varchar(5' at line 1
 MySQL  localhost:3306 ssl  tbd_e1  SQL > create table animales(ID int auto_increment key, NombreAnimal varchar(50) not null, Especie varchar(50) not null, Raza varchar(50), Dueño varchar(50))
                                       -> ;
Query OK, 0 rows affected (0.0249 sec)
 MySQL  localhost:3306 ssl  tbd_e1  SQL > select * from animales
                                       -> ;
Empty set (0.0021 sec)
 MySQL  localhost:3306 ssl  tbd_e1  SQL > ^C
 MySQL  localhost:3306 ssl  tbd_e1  SQL > ;
ERROR: 1065 (42000): Query was empty
 MySQL  localhost:3306 ssl  tbd_e1  SQL >