EVA1_4_CREATE_TABLE

MySQL Shell 8.0.38

Copyright (c) 2016, 2024, Oracle and/or its affiliates.
Oracle is a registered trademark of Oracle Corporation and/or its affiliates.
Other names may be trademarks of their respective owners.

Type '\help' or '\?' for help; '\quit' to exit.
 MySQL  JS > \sql
Switching to SQL mode... Commands end with ;
 MySQL  SQL > \ --mc root@localhost
Unknown command: '\ --mc root@localhost'
 MySQL  SQL > \c --mc root@localhost
Creating a Classic session to 'root@localhost'
Fetching global names for auto-completion... Press ^C to stop.
Your MySQL connection id is 8
Server version: 8.0.39 MySQL Community Server - GPL
No default schema selected; type \use <schema> to set one.
 MySQL  localhost:3306 ssl  SQL > use tbd_e1
Default schema set to `tbd_e1`.
Fetching global names, object names from `tbd_e1` for auto-completion... Press ^C to stop.
 MySQL  localhost:3306 ssl  tbd_e1  SQL > show tables;
+------------------+
| Tables_in_tbd_e1 |
+------------------+
| prueba2          |
+------------------+
1 row in set (0.0012 sec)
 MySQL  localhost:3306 ssl  tbd_e1  SQL > drop prueba2;
ERROR: 1064 (42000): You have an error in your SQL syntax; check the manual that corresponds to your MySQL server version for the right syntax to use near 'prueba2' at line 1
 MySQL  localhost:3306 ssl  tbd_e1  SQL > drop table prueba2;
Query OK, 0 rows affected (0.0188 sec)
 MySQL  localhost:3306 ssl  tbd_e1  SQL > create table student(
                                       -> [:;M
ERROR: 1064 (42000): You have an error in your SQL syntax; check the manual that corresponds to your MySQL server version for the right syntax to use near '[:' at line 2
                                       -> ;
ERROR: 1064 (42000): You have an error in your SQL syntax; check the manual that corresponds to your MySQL server version for the right syntax to use near 'M' at line 1
 MySQL  localhost:3306 ssl  tbd_e1  SQL > create table Students(
                                       -> Name varchar(50),
                                       -> SSN varchar(11),
                                       -> Home_Phone varchar(8),
                                       -> Adress(100),
                                       -> Age int);
ERROR: 1064 (42000): You have an error in your SQL syntax; check the manual that corresponds to your MySQL server version for the right syntax to use near '(100),
Age int)' at line 5
 MySQL  localhost:3306 ssl  tbd_e1  SQL > create table Students(Name varchar(50), SSN varchar(11), Home_Phone varchar(8), Adress(100), Age int);
ERROR: 1064 (42000): You have an error in your SQL syntax; check the manual that corresponds to your MySQL server version for the right syntax to use near '(100), Age int)' at line 1
 MySQL  localhost:3306 ssl  tbd_e1  SQL > create table Students(Name varchar(50), SSN varchar(11), Home_Phone varchar(8), Adress varchar(100), Age int);
Query OK, 0 rows affected (0.0225 sec)
 MySQL  localhost:3306 ssl  tbd_e1  SQL > show tables;
+------------------+
| Tables_in_tbd_e1 |
+------------------+
| students         |
+------------------+
1 row in set (0.0014 sec)
 MySQL  localhost:3306 ssl  tbd_e1  SQL > desc student;
ERROR: 1146 (42S02): Table 'tbd_e1.student' doesn't exist
 MySQL  localhost:3306 ssl  tbd_e1  SQL > desc students;
+------------+--------------+------+-----+---------+-------+
| Field      | Type         | Null | Key | Default | Extra |
+------------+--------------+------+-----+---------+-------+
| Name       | varchar(50)  | YES  |     | NULL    |       |
| SSN        | varchar(11)  | YES  |     | NULL    |       |
| Home_Phone | varchar(8)   | YES  |     | NULL    |       |
| Adress     | varchar(100) | YES  |     | NULL    |       |
| Age        | int          | YES  |     | NULL    |       |
+------------+--------------+------+-----+---------+-------+
5 rows in set (0.0015 sec)
 MySQL  localhost:3306 ssl  tbd_e1  SQL > show create table students;
+----------+--------------------------------------------------------------------------------------------------------------------------------------------------------------------------------------------------------------------------------------------------------------------------+
| Table    | Create Table
                                                                                                                          |
+----------+--------------------------------------------------------------------------------------------------------------------------------------------------------------------------------------------------------------------------------------------------------------------------+
| students | CREATE TABLE `students` (
  `Name` varchar(50) DEFAULT NULL,
  `SSN` varchar(11) DEFAULT NULL,
  `Home_Phone` varchar(8) DEFAULT NULL,
  `Adress` varchar(100) DEFAULT NULL,
  `Age` int DEFAULT NULL
) ENGINE=InnoDB DEFAULT CHARSET=utf8mb4 COLLATE=utf8mb4_0900_ai_ci |
+----------+--------------------------------------------------------------------------------------------------------------------------------------------------------------------------------------------------------------------------------------------------------------------------+
1 row in set (0.0024 sec)
 MySQL  localhost:3306 ssl  tbd_e1  SQL >