MySQL Shell 8.0.38

Copyright (c) 2016, 2024, Oracle and/or its affiliates.
Oracle is a registered trademark of Oracle Corporation and/or its affiliates.
Other names may be trademarks of their respective owners.

Type '\help' or '\?' for help; '\quit' to exit.
 MySQL  JS > \sql
Switching to SQL mode... Commands end with ;
 MySQL  SQL > \c --mc root@localhost
Creating a Classic session to 'root@localhost'
Fetching global names for auto-completion... Press ^C to stop.
Your MySQL connection id is 20
Server version: 8.0.39 MySQL Community Server - GPL
No default schema selected; type \use <schema> to set one.
 MySQL  localhost:3306 ssl  SQL > create database tbd_e1;
Query OK, 1 row affected (0.0100 sec)
 MySQL  localhost:3306 ssl  SQL > show database;
ERROR: 1064 (42000): You have an error in your SQL syntax; check the manual that corresponds to your MySQL server version for the right syntax to use near 'database' at line 1
 MySQL  localhost:3306 ssl  SQL > show databases;
+--------------------+
| Database           |
+--------------------+
| information_schema |
| mysql              |
| performance_schema |
| sakila             |
| sys                |
| tbd_e1             |
| world              |
+--------------------+
7 rows in set (0.0009 sec)
 MySQL  localhost:3306 ssl  SQL > use world
Default schema set to `world`.
Fetching global names, object names from `world` for auto-completion... Press ^C to stop.
 MySQL  localhost:3306 ssl  world  SQL > show tables;
+-----------------+
| Tables_in_world |
+-----------------+
| city            |
| country         |
| countrylanguage |
+-----------------+
3 rows in set (0.0013 sec)
 MySQL  localhost:3306 ssl  world  SQL > use tbd_e1
Default schema set to `tbd_e1`.
Fetching global names, object names from `tbd_e1` for auto-completion... Press ^C to stop.
 MySQL  localhost:3306 ssl  tbd_e1  SQL > show tables<
                                       -> <
                                       -> ;
ERROR: 1064 (42000): You have an error in your SQL syntax; check the manual that corresponds to your MySQL server version for the right syntax to use near '<
<' at line 1
 MySQL  localhost:3306 ssl  tbd_e1  SQL > show tables;
Empty set (0.0014 sec)
 MySQL  localhost:3306 ssl  tbd_e1  SQL > show databases;
+--------------------+
| Database           |
+--------------------+
| information_schema |
| mysql              |
| performance_schema |
| sakila             |
| sys                |
| tbd_e1             |
| world              |
+--------------------+
7 rows in set (0.0011 sec)
 MySQL  localhost:3306 ssl  tbd_e1  SQL > show tables;
Empty set (0.0013 sec)
 MySQL  localhost:3306 ssl  tbd_e1  SQL > show
                                       -> tables
                                       -> ;
Empty set (0.0022 sec)
 MySQL  localhost:3306 ssl  tbd_e1  SQL > drop database tbd_e1;
Query OK, 0 rows affected (0.0112 sec)
 MySQL  localhost:3306 ssl  tbd_e1  SQL > show databases;
+--------------------+
| Database           |
+--------------------+
| information_schema |
| mysql              |
| performance_schema |
| sakila             |
| sys                |
| world              |
+--------------------+
6 rows in set (0.0013 sec)
 MySQL  localhost:3306 ssl  tbd_e1  SQL > use tbd_e1
MySQL Error 1049: Unknown database 'tbd_e1'
 MySQL  localhost:3306 ssl  tbd_e1  SQL > use sakila;
Default schema set to `sakila`.
Fetching global names, object names from `sakila` for auto-completion... Press ^C to stop.
 MySQL  localhost:3306 ssl  sakila  SQL > create database tbd_e1;
Query OK, 1 row affected (0.0094 sec)
 MySQL  localhost:3306 ssl  sakila  SQL > use tbd:e1
MySQL Error 1049: Unknown database 'tbd:e1'
 MySQL  localhost:3306 ssl  sakila  SQL > use tbd_e1
Default schema set to `tbd_e1`.
Fetching global names, object names from `tbd_e1` for auto-completion... Press ^C to stop.
 MySQL  localhost:3306 ssl  tbd_e1  SQL > create table prueba1;
ERROR: 4028 (HY000): A table must have at least one visible column.
 MySQL  localhost:3306 ssl  tbd_e1  SQL > create table prueba1 veamos;
ERROR: 1064 (42000): You have an error in your SQL syntax; check the manual that corresponds to your MySQL server version for the right syntax to use near 'veamos' at line 1
 MySQL  localhost:3306 ssl  tbd_e1  SQL > create table prueba1 prueba(key boolean);
ERROR: 1064 (42000): You have an error in your SQL syntax; check the manual that corresponds to your MySQL server version for the right syntax to use near 'prueba(key boolean)' at line 1
 MySQL  localhost:3306 ssl  tbd_e1  SQL > create table prueba1;
ERROR: 4028 (HY000): A table must have at least one visible column.
 MySQL  localhost:3306 ssl  tbd_e1  SQL > create table prueba1
                                       -> (id key boolean)
                                       -> ;
ERROR: 1064 (42000): You have an error in your SQL syntax; check the manual that corresponds to your MySQL server version for the right syntax to use near 'key boolean)' at line 2
 MySQL  localhost:3306 ssl  tbd_e1  SQL > create table prueba1
                                       -> ();
ERROR: 1064 (42000): You have an error in your SQL syntax; check the manual that corresponds to your MySQL server version for the right syntax to use near ')' at line 2
 MySQL  localhost:3306 ssl  tbd_e1  SQL > create table prueba1
                                       -> (id int);
Query OK, 0 rows affected (0.0251 sec)
 MySQL  localhost:3306 ssl  tbd_e1  SQL > show tables;
+------------------+
| Tables_in_tbd_e1 |
+------------------+
| prueba1          |
+------------------+
1 row in set (0.0022 sec)
 MySQL  localhost:3306 ssl  tbd_e1  SQL > show table prueba1
                                       -> ;
ERROR: 1064 (42000): You have an error in your SQL syntax; check the manual that corresponds to your MySQL server version for the right syntax to use near 'prueba1' at line 1
 MySQL  localhost:3306 ssl  tbd_e1  SQL > show prueba1 ;
ERROR: 1064 (42000): You have an error in your SQL syntax; check the manual that corresponds to your MySQL server version for the right syntax to use near 'prueba1' at line 1
 MySQL  localhost:3306 ssl  tbd_e1  SQL > \help
The Shell Help is organized in categories and topics. To get help for a
specific category or topic use: \? <pattern>

The <pattern> argument should be the name of a category or a topic.

The pattern is a filter to identify topics for which help is required, it can
use the following wildcards:

- ? matches any single character.
- * matches any character sequence.

The following are the main help categories:

 - Shell Commands Provides details about the available built-in shell commands.
 - SQL Syntax     Entry point to retrieve syntax help on SQL statements.

The available topics include:

- The available shell commands.
- Any word that is part of an SQL statement.
- Command Line - invoking built-in shell functions without entering interactive
  mode.

SHELL COMMANDS

The shell commands allow executing specific operations including updating the
shell configuration.

The following shell commands are available:

 - \                   Start multi-line input when in SQL mode.
 - \connect    (\c)    Connects the shell to a MySQL server and assigns the
                       global session.
 - \disconnect         Disconnects the global session.
 - \edit       (\e)    Launch a system editor to edit a command to be executed.
 - \exit               Exits the MySQL Shell, same as \quit.
 - \G                  Send command to mysql server, display result vertically.
 - \g                  Send command to mysql server.
 - \help       (\?,\h) Prints help information about a specific topic.
 - \history            View and edit command line history.
 - \js                 Switches to JavaScript processing mode.
 - \nopager            Disables the current pager.
 - \nowarnings (\w)    Don't show warnings after every statement.
 - \option             Allows working with the available shell options.
 - \pager      (\P)    Sets the current pager.
 - \py                 Switches to Python processing mode.
 - \quit       (\q)    Exits the MySQL Shell.
 - \reconnect          Reconnects the global session.
 - \rehash             Refresh the autocompletion cache.
 - \show               Executes the given report with provided options and
                       arguments.
 - \source     (\.)    Loads and executes a script from a file.
 - \sql                Executes SQL statement or switches to SQL processing
                       mode when no statement is given.
 - \status     (\s)    Print information about the current global session.
 - \system     (\!)    Execute a system shell command.
 - \use        (\u)    Sets the active schema.
 - \warnings   (\W)    Show warnings after every statement.
 - \watch              Executes the given report with provided options and
                       arguments in a loop.

EXAMPLES
\? sql syntax
      Displays the main SQL help categories.

\? select
      Displays information about the SELECT SQL statement.
 MySQL  localhost:3306 ssl  tbd_e1  SQL > drop table prueba1;
Query OK, 0 rows affected (0.0216 sec)
 MySQL  localhost:3306 ssl  tbd_e1  SQL > show tables;
Empty set (0.0012 sec)
 MySQL  localhost:3306 ssl  tbd_e1  SQL > create table prueba2;
ERROR: 4028 (HY000): A table must have at least one visible column.
 MySQL  localhost:3306 ssl  tbd_e1  SQL > create table prueba2 (id int);
Query OK, 0 rows affected (0.0237 sec)
 MySQL  localhost:3306 ssl  tbd_e1  SQL > show tables;
+------------------+
| Tables_in_tbd_e1 |
+------------------+
| prueba2          |
+------------------+
1 row in set (0.0016 sec)
 MySQL  localhost:3306 ssl  tbd_e1  SQL > drop database tbd_e1;
Query OK, 1 row affected (0.0218 sec)
 MySQL  localhost:3306 ssl  tbd_e1  SQL > use sakila
Default schema set to `sakila`.
Fetching global names, object names from `sakila` for auto-completion... Press ^C to stop.
 MySQL  localhost:3306 ssl  sakila  SQL > show databases;
+--------------------+
| Database           |
+--------------------+
| information_schema |
| mysql              |
| performance_schema |
| sakila             |
| sys                |
| world              |
+--------------------+
6 rows in set (0.0009 sec)
 MySQL  localhost:3306 ssl  sakila  SQL > create database tbd_e1;
Query OK, 1 row affected (0.0103 sec)
 MySQL  localhost:3306 ssl  sakila  SQL > use tbd_e1
Default schema set to `tbd_e1`.
Fetching global names, object names from `tbd_e1` for auto-completion... Press ^C to stop.
 MySQL  localhost:3306 ssl  tbd_e1  SQL > create table prueba2 (id int);
Query OK, 0 rows affected (0.0269 sec)
 MySQL  localhost:3306 ssl  tbd_e1  SQL > drop database tbd_e1;
Query OK, 1 row affected (0.0197 sec)
 MySQL  localhost:3306 ssl  tbd_e1  SQL > show tables;
ERROR: 1046 (3D000): No database selected
 MySQL  localhost:3306 ssl  tbd_e1  SQL > use sakila
Default schema set to `sakila`.
Fetching global names, object names from `sakila` for auto-completion... Press ^C to stop.
 MySQL  localhost:3306 ssl  sakila  SQL > create database tbd_e1;
Query OK, 1 row affected (0.0099 sec)
 MySQL  localhost:3306 ssl  sakila  SQL > create table prueba2 (id int);
Query OK, 0 rows affected (0.0276 sec)
 MySQL  localhost:3306 ssl  sakila  SQL > show databases;
+--------------------+
| Database           |
+--------------------+
| information_schema |
| mysql              |
| performance_schema |
| sakila             |
| sys                |
| tbd_e1             |
| world              |
+--------------------+
7 rows in set (0.0009 sec)
 MySQL  localhost:3306 ssl  sakila  SQL > show tables;
+----------------------------+
| Tables_in_sakila           |
+----------------------------+
| actor                      |
| actor_info                 |
| address                    |
| category                   |
| city                       |
| country                    |
| customer                   |
| customer_list              |
| film                       |
| film_actor                 |
| film_category              |
| film_list                  |
| film_text                  |
| inventory                  |
| language                   |
| nicer_but_slower_film_list |
| payment                    |
| prueba2                    |
| rental                     |
| sales_by_film_category     |
| sales_by_store             |
| staff                      |
| staff_list                 |
| store                      |
+----------------------------+
24 rows in set (0.0020 sec)
 MySQL  localhost:3306 ssl  sakila  SQL > use tbd_e1
Default schema set to `tbd_e1`.
Fetching global names, object names from `tbd_e1` for auto-completion... Press ^C to stop.
 MySQL  localhost:3306 ssl  tbd_e1  SQL > Show tables;
Empty set (0.0016 sec)
 MySQL  localhost:3306 ssl  tbd_e1  SQL > use sakila
Default schema set to `sakila`.
Fetching global names, object names from `sakila` for auto-completion... Press ^C to stop.
 MySQL  localhost:3306 ssl  sakila  SQL > drop prueba2;
ERROR: 1064 (42000): You have an error in your SQL syntax; check the manual that corresponds to your MySQL server version for the right syntax to use near 'prueba2' at line 1
 MySQL  localhost:3306 ssl  sakila  SQL > drop table prueba2;
Query OK, 0 rows affected (0.0230 sec)
 MySQL  localhost:3306 ssl  sakila  SQL > use tbd_e1
Default schema set to `tbd_e1`.
Fetching global names, object names from `tbd_e1` for auto-completion... Press ^C to stop.
 MySQL  localhost:3306 ssl  tbd_e1  SQL > create table prueba2 (id int);
Query OK, 0 rows affected (0.0263 sec)
 MySQL  localhost:3306 ssl  tbd_e1  SQL > show tables;
+------------------+
| Tables_in_tbd_e1 |
+------------------+
| prueba2          |
+------------------+
1 row in set (0.0015 sec)
 MySQL  localhost:3306 ssl  tbd_e1  SQL >